// Jest Snapshot v1, https://goo.gl/fbAQLP

exports[`uses wrong selection/red highlight 1`] = `
<div
  className="wrong-book"
  onClick={[Function]}
>
  Animal farm
</div>
`;
