// Jest Snapshot v1, https://goo.gl/fbAQLP

exports[`uses right selection/red highlight 1`] = `
<div
  className="right-book"
  onClick={[Function]}
>
  Animal farm
</div>
`;
