// Jest Snapshot v1, https://goo.gl/fbAQLP

exports[`uses normal highlight 1`] = `
<div
  className="book"
  onClick={[Function]}
>
  Animal farm
</div>
`;
